// Jest Snapshot v1, https://goo.gl/fbAQLP

exports[`--indent option 1`] = `
Object {
  "ja.json": "{
    \\"foo\\": \\"\\",
    \\"bar\\": {
        \\"buz\\": \\"\\"
    }
}",
}
`;
